C:\Projects\Samples\AS\CodeSamples\GetStructure\Logical\Global.typ
C:\Projects\Samples\AS\CodeSamples\GetStructure\Logical\Global.var
C:\Projects\Samples\AS\CodeSamples\GetStructure\Logical\Libraries\operator\operator.fun
C:\Projects\Samples\AS\CodeSamples\GetStructure\Logical\Libraries\operator\operator.typ
C:\Projects\Samples\AS\CodeSamples\GetStructure\Logical\Libraries\operator\operator.var
C:\Projects\Samples\AS\CodeSamples\GetStructure\Logical\Libraries\runtime\runtime.fun
C:\Projects\Samples\AS\CodeSamples\GetStructure\Logical\Libraries\runtime\runtime.typ
C:\Projects\Samples\AS\CodeSamples\GetStructure\Logical\Libraries\runtime\runtime.var
C:\Projects\Samples\AS\CodeSamples\GetStructure\Logical\Libraries\astime\astime.fun
C:\Projects\Samples\AS\CodeSamples\GetStructure\Logical\Libraries\astime\astime.typ
C:\Projects\Samples\AS\CodeSamples\GetStructure\Logical\Libraries\astime\astime.var
C:\Projects\Samples\AS\CodeSamples\GetStructure\Logical\Libraries\AsIecCon\AsIecCon.fun
C:\Projects\Samples\AS\CodeSamples\GetStructure\Logical\Libraries\AsIecCon\AsIecCon.typ
C:\Projects\Samples\AS\CodeSamples\GetStructure\Logical\Libraries\AsIecCon\AsIecCon.var
C:\Projects\Samples\AS\CodeSamples\GetStructure\Logical\Libraries\AsBrStr\AsBrStr.fun
C:\Projects\Samples\AS\CodeSamples\GetStructure\Logical\Libraries\AsBrStr\AsBrStr.typ
C:\Projects\Samples\AS\CodeSamples\GetStructure\Logical\Libraries\AsBrStr\AsBrStr.var
C:\Projects\Samples\AS\CodeSamples\GetStructure\Logical\Libraries\sys_lib\sys_lib.fun
C:\Projects\Samples\AS\CodeSamples\GetStructure\Logical\Libraries\sys_lib\sys_lib.typ
C:\Projects\Samples\AS\CodeSamples\GetStructure\Logical\Libraries\sys_lib\sys_lib.var
C:\Projects\Samples\AS\CodeSamples\GetStructure\Logical\Libraries\ArEventLog\ArEventLog.fun
C:\Projects\Samples\AS\CodeSamples\GetStructure\Logical\Libraries\ArEventLog\ArEventLog.typ
C:\Projects\Samples\AS\CodeSamples\GetStructure\Logical\Libraries\ArEventLog\ArEventLog.var
C:\Projects\Samples\AS\CodeSamples\GetStructure\Logical\Libraries\AdvIecChk\AdvIecChk.fun
C:\Projects\Samples\AS\CodeSamples\GetStructure\Logical\Libraries\AdvIecChk\AdvIecChk.var
