<?xml version="1.0" encoding="utf-8"?>
<?AutomationStudio Version="4.12.8.41 SP"?>
<Objects>
  <Object
    Path="C:\Projects\Samples\AS\CodeSamples\GetStructure\Logical\Package.pkg"
    LogicalPath=""
    Type="Package.ParentUnknown"
    LastWriteTime="134081837758049779" />
  <Object
    Path="C:\Projects\Samples\AS\CodeSamples\GetStructure\Logical\Global.typ"
    LogicalPath="Global.typ"
    Type="File"
    LastWriteTime="134081837757779588"
    Private="false" />
  <Object
    Path="C:\Projects\Samples\AS\CodeSamples\GetStructure\Logical\Global.var"
    LogicalPath="Global.var"
    Type="File"
    LastWriteTime="134081837757779588"
    Private="false" />
  <Object
    Path="C:\Projects\Samples\AS\CodeSamples\GetStructure\Logical\Libraries\Package.pkg"
    LogicalPath="Libraries"
    Type="Package"
    LastWriteTime="134081837757919783" />
  <Object
    Path="C:\Projects\Samples\AS\CodeSamples\GetStructure\Logical\Libraries\operator\binary.lby"
    LogicalPath="Libraries.operator"
    Type="Library"
    LastWriteTime="134081837757959776" />
  <Object
    Path="C:\Projects\Samples\AS\CodeSamples\GetStructure\Logical\Libraries\operator\operator.fun"
    LogicalPath="Libraries.operator.operator.fun"
    Type="File"
    LastWriteTime="134081837757969616"
    Private="false" />
  <Object
    Path="C:\Projects\Samples\AS\CodeSamples\GetStructure\Logical\Libraries\operator\operator.typ"
    LogicalPath="Libraries.operator.operator.typ"
    Type="File"
    LastWriteTime="134081837757969616"
    Private="false" />
  <Object
    Path="C:\Projects\Samples\AS\CodeSamples\GetStructure\Logical\Libraries\operator\operator.var"
    LogicalPath="Libraries.operator.operator.var"
    Type="File"
    LastWriteTime="134081837757979600"
    Private="false" />
  <Object
    Path="C:\Projects\Samples\AS\CodeSamples\GetStructure\Logical\Libraries\runtime\binary.lby"
    LogicalPath="Libraries.runtime"
    Type="Library"
    LastWriteTime="134081837757999778" />
  <Object
    Path="C:\Projects\Samples\AS\CodeSamples\GetStructure\Logical\Libraries\runtime\runtime.fun"
    LogicalPath="Libraries.runtime.runtime.fun"
    Type="File"
    LastWriteTime="134081837757999778"
    Private="false" />
  <Object
    Path="C:\Projects\Samples\AS\CodeSamples\GetStructure\Logical\Libraries\runtime\runtime.typ"
    LogicalPath="Libraries.runtime.runtime.typ"
    Type="File"
    LastWriteTime="134081837757999778"
    Private="false" />
  <Object
    Path="C:\Projects\Samples\AS\CodeSamples\GetStructure\Logical\Libraries\runtime\runtime.var"
    LogicalPath="Libraries.runtime.runtime.var"
    Type="File"
    LastWriteTime="134081837758009779"
    Private="false" />
  <Object
    Path="C:\Projects\Samples\AS\CodeSamples\GetStructure\Logical\Libraries\astime\binary.lby"
    LogicalPath="Libraries.astime"
    Type="Library"
    LastWriteTime="134081837757949776" />
  <Object
    Path="C:\Projects\Samples\AS\CodeSamples\GetStructure\Logical\Libraries\astime\astime.fun"
    LogicalPath="Libraries.astime.astime.fun"
    Type="File"
    LastWriteTime="134081837757939802"
    Private="false" />
  <Object
    Path="C:\Projects\Samples\AS\CodeSamples\GetStructure\Logical\Libraries\astime\astime.typ"
    LogicalPath="Libraries.astime.astime.typ"
    Type="File"
    LastWriteTime="134081837757939802"
    Private="false" />
  <Object
    Path="C:\Projects\Samples\AS\CodeSamples\GetStructure\Logical\Libraries\astime\astime.var"
    LogicalPath="Libraries.astime.astime.var"
    Type="File"
    LastWriteTime="134081837757939802"
    Private="false" />
  <Object
    Path="C:\Projects\Samples\AS\CodeSamples\GetStructure\Logical\Libraries\AsIecCon\binary.lby"
    LogicalPath="Libraries.AsIecCon"
    Type="Library"
    LastWriteTime="134081837757909784" />
  <Object
    Path="C:\Projects\Samples\AS\CodeSamples\GetStructure\Logical\Libraries\AsIecCon\AsIecCon.fun"
    LogicalPath="Libraries.AsIecCon.AsIecCon.fun"
    Type="File"
    LastWriteTime="134081837757889593"
    Private="false" />
  <Object
    Path="C:\Projects\Samples\AS\CodeSamples\GetStructure\Logical\Libraries\AsIecCon\AsIecCon.typ"
    LogicalPath="Libraries.AsIecCon.AsIecCon.typ"
    Type="File"
    LastWriteTime="134081837757889593"
    Private="false" />
  <Object
    Path="C:\Projects\Samples\AS\CodeSamples\GetStructure\Logical\Libraries\AsIecCon\AsIecCon.var"
    LogicalPath="Libraries.AsIecCon.AsIecCon.var"
    Type="File"
    LastWriteTime="134081837757899589"
    Private="false" />
  <Object
    Path="C:\Projects\Samples\AS\CodeSamples\GetStructure\Logical\Libraries\AsBrStr\binary.lby"
    LogicalPath="Libraries.AsBrStr"
    Type="Library"
    LastWriteTime="134081837757869597" />
  <Object
    Path="C:\Projects\Samples\AS\CodeSamples\GetStructure\Logical\Libraries\AsBrStr\AsBrStr.fun"
    LogicalPath="Libraries.AsBrStr.AsBrStr.fun"
    Type="File"
    LastWriteTime="134081837757839588"
    Private="false" />
  <Object
    Path="C:\Projects\Samples\AS\CodeSamples\GetStructure\Logical\Libraries\AsBrStr\AsBrStr.typ"
    LogicalPath="Libraries.AsBrStr.AsBrStr.typ"
    Type="File"
    LastWriteTime="134081837757849589"
    Private="false" />
  <Object
    Path="C:\Projects\Samples\AS\CodeSamples\GetStructure\Logical\Libraries\AsBrStr\AsBrStr.var"
    LogicalPath="Libraries.AsBrStr.AsBrStr.var"
    Type="File"
    LastWriteTime="134081837757849589"
    Private="false" />
  <Object
    Path="C:\Projects\Samples\AS\CodeSamples\GetStructure\Logical\Libraries\sys_lib\binary.lby"
    LogicalPath="Libraries.sys_lib"
    Type="Library"
    LastWriteTime="134081837758029804" />
  <Object
    Path="C:\Projects\Samples\AS\CodeSamples\GetStructure\Logical\Libraries\sys_lib\sys_lib.fun"
    LogicalPath="Libraries.sys_lib.sys_lib.fun"
    Type="File"
    LastWriteTime="134081837758029804"
    Private="false" />
  <Object
    Path="C:\Projects\Samples\AS\CodeSamples\GetStructure\Logical\Libraries\sys_lib\sys_lib.typ"
    LogicalPath="Libraries.sys_lib.sys_lib.typ"
    Type="File"
    LastWriteTime="134081837758039807"
    Private="false" />
  <Object
    Path="C:\Projects\Samples\AS\CodeSamples\GetStructure\Logical\Libraries\sys_lib\sys_lib.var"
    LogicalPath="Libraries.sys_lib.sys_lib.var"
    Type="File"
    LastWriteTime="134081837758039807"
    Private="false" />
  <Object
    Path="C:\Projects\Samples\AS\CodeSamples\GetStructure\Logical\Libraries\ArEventLog\binary.lby"
    LogicalPath="Libraries.ArEventLog"
    Type="Library"
    LastWriteTime="134081837757839588" />
  <Object
    Path="C:\Projects\Samples\AS\CodeSamples\GetStructure\Logical\Libraries\ArEventLog\ArEventLog.fun"
    LogicalPath="Libraries.ArEventLog.ArEventLog.fun"
    Type="File"
    LastWriteTime="134081837757819859"
    Private="false" />
  <Object
    Path="C:\Projects\Samples\AS\CodeSamples\GetStructure\Logical\Libraries\ArEventLog\ArEventLog.typ"
    LogicalPath="Libraries.ArEventLog.ArEventLog.typ"
    Type="File"
    LastWriteTime="134081837757819859"
    Private="false" />
  <Object
    Path="C:\Projects\Samples\AS\CodeSamples\GetStructure\Logical\Libraries\ArEventLog\ArEventLog.var"
    LogicalPath="Libraries.ArEventLog.ArEventLog.var"
    Type="File"
    LastWriteTime="134081837757829597"
    Private="false" />
  <Object
    Path="C:\Projects\Samples\AS\CodeSamples\GetStructure\Logical\Libraries\AdvIecChk\IEC.lby"
    LogicalPath="Libraries.AdvIecChk"
    Type="Library"
    LastWriteTime="134081837757799690" />
  <Object
    Path="C:\Projects\Samples\AS\CodeSamples\GetStructure\Logical\Libraries\AdvIecChk\AdvIecChk.fun"
    LogicalPath="Libraries.AdvIecChk.AdvIecChk.fun"
    Type="File"
    LastWriteTime="134081837757789771"
    Private="false" />
  <Object
    Path="C:\Projects\Samples\AS\CodeSamples\GetStructure\Logical\Libraries\AdvIecChk\AdvIecChk.st"
    LogicalPath="Libraries.AdvIecChk.AdvIecChk.st"
    Type="File"
    LastWriteTime="134081837757789771"
    Private="false" />
  <Object
    Path="C:\Projects\Samples\AS\CodeSamples\GetStructure\Logical\Libraries\AdvIecChk\AdvIecChk.var"
    LogicalPath="Libraries.AdvIecChk.AdvIecChk.var"
    Type="File"
    LastWriteTime="134081837757799690"
    Private="false" />
  <Object
    Path="C:\Projects\Samples\AS\CodeSamples\GetStructure\Logical\GetVarStructure\IEC.prg"
    LogicalPath="GetVarStructure"
    Type="Program"
    LastWriteTime="134081837757729589" />
  <Object
    Path="C:\Projects\Samples\AS\CodeSamples\GetStructure\Logical\GetVarStructure\Main.st"
    LogicalPath="GetVarStructure.Main.st"
    Type="File"
    LastWriteTime="134081840640959537"
    Private="false" />
  <Object
    Path="C:\Projects\Samples\AS\CodeSamples\GetStructure\Logical\GetVarStructure\Variables.var"
    LogicalPath="GetVarStructure.Variables.var"
    Type="File"
    LastWriteTime="134081837757769587"
    Private="true" />
  <Object
    Path="C:\Projects\Samples\AS\CodeSamples\GetStructure\Logical\GetVarStructure\StructFunctions.fun"
    LogicalPath="GetVarStructure.StructFunctions.fun"
    Type="File"
    LastWriteTime="134081837757769587"
    Private="true" />
  <Object
    Path="C:\Projects\Samples\AS\CodeSamples\GetStructure\Logical\GetVarStructure\StructTypes.typ"
    LogicalPath="GetVarStructure.StructTypes.typ"
    Type="File"
    LastWriteTime="134081844735529949"
    Private="true" />
  <Object
    Path="C:\Projects\Samples\AS\CodeSamples\GetStructure\Logical\GetVarStructure\StructVariables.var"
    LogicalPath="GetVarStructure.StructVariables.var"
    Type="File"
    LastWriteTime="134081868204703257"
    Private="true" />
  <Object
    Path="C:\Projects\Samples\AS\CodeSamples\GetStructure\Logical\GetVarStructure\LocalFunctions\Package.pkg"
    LogicalPath="GetVarStructure.LocalFunctions"
    Type="Package"
    LastWriteTime="134081837757739615" />
  <Object
    Path="C:\Projects\Samples\AS\CodeSamples\GetStructure\Logical\GetVarStructure\LocalFunctions\StructureLoader.st"
    LogicalPath="GetVarStructure.LocalFunctions.StructureLoader.st"
    Type="File"
    LastWriteTime="134081845117380460"
    Private="false" />
  <Object
    Path="C:\Projects\Samples\AS\CodeSamples\GetStructure\Logical\GetVarStructure\LocalFunctions\StructureLoaderGetData.st"
    LogicalPath="GetVarStructure.LocalFunctions.StructureLoaderGetData.st"
    Type="File"
    LastWriteTime="134081837757759589"
    Private="false" />
  <Object
    Path="C:\Projects\Samples\AS\CodeSamples\GetStructure\Logical\GetVarStructure\LocalFunctions\StructureLoaderAddData.st"
    LogicalPath="GetVarStructure.LocalFunctions.StructureLoaderAddData.st"
    Type="File"
    LastWriteTime="134081837757759589"
    Private="false" />
  <Object
    Path="C:\Projects\Samples\AS\CodeSamples\GetStructure\Physical\Config1\Config.pkg"
    LogicalPath="Config1"
    Type="Configuration.ParentUnknown"
    LastWriteTime="134081837758049779" />
  <Object
    Path="C:\Projects\Samples\AS\CodeSamples\GetStructure\Physical\Config1\Hardware.hw"
    LogicalPath="Config1.Hardware.hw"
    Type="File"
    LastWriteTime="134081837758059776"
    Private="false" />
  <Object
    Path="C:\Projects\Samples\AS\CodeSamples\GetStructure\Physical\Config1\Hardware.hwl"
    LogicalPath="Config1.Hardware.hwl"
    Type="File"
    LastWriteTime="134081837758059776"
    Private="false" />
  <Object
    Path="C:\Projects\Samples\AS\CodeSamples\GetStructure\Physical\Config1\PC\Cpu.pkg"
    LogicalPath="Config1.PC"
    Type="Cpu"
    LastWriteTime="134081870768627722" />
  <Object
    Path="C:\Projects\Samples\AS\CodeSamples\GetStructure\Physical\Config1\PC\Cpu.sw"
    LogicalPath="Config1.PC.Cpu.sw"
    Type="File"
    LastWriteTime="134081837758190092"
    Private="false" />
  <Object
    Path="C:\Projects\Samples\AS\CodeSamples\GetStructure\Physical\Config1\PC\Cpu.per"
    LogicalPath="Config1.PC.Cpu.per"
    Type="File"
    LastWriteTime="134081837758180190"
    Private="false" />
  <Object
    Path="C:\Projects\Samples\AS\CodeSamples\GetStructure\Physical\Config1\PC\IoMap.iom"
    LogicalPath="Config1.PC.IoMap.iom"
    Type="File"
    LastWriteTime="134081837758199901"
    Private="false" />
  <Object
    Path="C:\Projects\Samples\AS\CodeSamples\GetStructure\Physical\Config1\PC\PvMap.vvm"
    LogicalPath="Config1.PC.PvMap.vvm"
    Type="File"
    LastWriteTime="134081837758199901"
    Private="false" />
  <Object
    Path="C:\Projects\Samples\AS\CodeSamples\GetStructure\Physical\Config1\PC\Connectivity\Package.pkg"
    LogicalPath="Config1.PC.Connectivity"
    Type="Package"
    LastWriteTime="134081837758180190" />
  <Object
    Path="C:\Projects\Samples\AS\CodeSamples\GetStructure\Physical\Config1\PC\Connectivity\OpcUA\Package.pkg"
    LogicalPath="Config1.PC.Connectivity.OpcUA"
    Type="Package"
    LastWriteTime="134081837758170083" />
  <Object
    Path="C:\Projects\Samples\AS\CodeSamples\GetStructure\Physical\Config1\PC\Connectivity\OpcUaFx\Package.pkg"
    LogicalPath="Config1.PC.Connectivity.OpcUaFx"
    Type="Package"
    LastWriteTime="134081837758180190" />
  <Object
    Path="C:\Projects\Samples\AS\CodeSamples\GetStructure\Physical\Config1\PC\TextSystem\Package.pkg"
    LogicalPath="Config1.PC.TextSystem"
    Type="Package"
    LastWriteTime="134081837758199901" />
  <Object
    Path="C:\Projects\Samples\AS\CodeSamples\GetStructure\Physical\Config1\PC\UnitSystem\Package.pkg"
    LogicalPath="Config1.PC.UnitSystem"
    Type="Package"
    LastWriteTime="134081837758215134" />
  <Object
    Path="C:\Projects\Samples\AS\CodeSamples\GetStructure\Physical\Config1\PC\AccessAndSecurity\Package.pkg"
    LogicalPath="Config1.PC.AccessAndSecurity"
    Type="Package"
    LastWriteTime="134081837758139932" />
  <Object
    Path="C:\Projects\Samples\AS\CodeSamples\GetStructure\Physical\Config1\PC\AccessAndSecurity\UserRoleSystem\Package.pkg"
    LogicalPath="Config1.PC.AccessAndSecurity.UserRoleSystem"
    Type="Package"
    LastWriteTime="134081837758159894" />
  <Object
    Path="C:\Projects\Samples\AS\CodeSamples\GetStructure\Physical\Config1\PC\AccessAndSecurity\UserRoleSystem\Role.role"
    LogicalPath="Config1.PC.AccessAndSecurity.UserRoleSystem.Role.role"
    Type="File"
    LastWriteTime="134081837758159894"
    Private="false" />
  <Object
    Path="C:\Projects\Samples\AS\CodeSamples\GetStructure\Physical\Config1\PC\AccessAndSecurity\UserRoleSystem\User.user"
    LogicalPath="Config1.PC.AccessAndSecurity.UserRoleSystem.User.user"
    Type="File"
    LastWriteTime="134081837758159894"
    Private="false" />
  <Object
    Path="C:\Projects\Samples\AS\CodeSamples\GetStructure\Physical\Config1\PC\AccessAndSecurity\CertificateStore\Package.pkg"
    LogicalPath="Config1.PC.AccessAndSecurity.CertificateStore"
    Type="Package"
    LastWriteTime="134081837758110084" />
  <Object
    Path="C:\Projects\Samples\AS\CodeSamples\GetStructure\Physical\Config1\PC\AccessAndSecurity\CertificateStore\OwnCertificates\Package.pkg"
    LogicalPath="Config1.PC.AccessAndSecurity.CertificateStore.OwnCertificates"
    Type="Package"
    LastWriteTime="134081837758100093" />
  <Object
    Path="C:\Projects\Samples\AS\CodeSamples\GetStructure\Physical\Config1\PC\AccessAndSecurity\CertificateStore\OwnCertificates\Certificates\Package.pkg"
    LogicalPath="Config1.PC.AccessAndSecurity.CertificateStore.OwnCertificates.Certificates"
    Type="Package"
    LastWriteTime="134081837758100093" />
  <Object
    Path="C:\Projects\Samples\AS\CodeSamples\GetStructure\Physical\Config1\PC\AccessAndSecurity\CertificateStore\OwnCertificates\PrivateKeys\Package.pkg"
    LogicalPath="Config1.PC.AccessAndSecurity.CertificateStore.OwnCertificates.PrivateKeys"
    Type="Package"
    LastWriteTime="134081837758110084" />
  <Object
    Path="C:\Projects\Samples\AS\CodeSamples\GetStructure\Physical\Config1\PC\AccessAndSecurity\CertificateStore\ThirdPartyCertificates\Package.pkg"
    LogicalPath="Config1.PC.AccessAndSecurity.CertificateStore.ThirdPartyCertificates"
    Type="Package"
    LastWriteTime="134081837758120141" />
  <Object
    Path="C:\Projects\Samples\AS\CodeSamples\GetStructure\Physical\Config1\PC\AccessAndSecurity\CertificateStore\ThirdPartyCertificates\SoftwareCertificates\Package.pkg"
    LogicalPath="Config1.PC.AccessAndSecurity.CertificateStore.ThirdPartyCertificates.SoftwareCertificates"
    Type="Package"
    LastWriteTime="134081837758130126" />
  <Object
    Path="C:\Projects\Samples\AS\CodeSamples\GetStructure\Physical\Config1\PC\AccessAndSecurity\CertificateStore\CertificateRevocationLists\Package.pkg"
    LogicalPath="Config1.PC.AccessAndSecurity.CertificateStore.CertificateRevocationLists"
    Type="Package"
    LastWriteTime="134081837758090086" />
  <Object
    Path="C:\Projects\Samples\AS\CodeSamples\GetStructure\Physical\Config1\PC\AccessAndSecurity\CertificateStore\CertificateSigningRequests\Package.pkg"
    LogicalPath="Config1.PC.AccessAndSecurity.CertificateStore.CertificateSigningRequests"
    Type="Package"
    LastWriteTime="134081837758090086" />
  <Object
    Path="C:\Projects\Samples\AS\CodeSamples\GetStructure\Physical\Config1\PC\AccessAndSecurity\TransportLayerSecurity\Package.pkg"
    LogicalPath="Config1.PC.AccessAndSecurity.TransportLayerSecurity"
    Type="Package"
    LastWriteTime="134081837758149897" />
  <Object
    Path="C:\Projects\Samples\AS\CodeSamples\GetStructure\Physical\Config1\PC\AccessAndSecurity\Firewall\Package.pkg"
    LogicalPath="Config1.PC.AccessAndSecurity.Firewall"
    Type="Package"
    LastWriteTime="134081837758130126" />
  <Object
    Path="C:\Projects\Samples\AS\CodeSamples\GetStructure\Physical\Config1\PC\AccessAndSecurity\Firewall\Rules.firewallRules"
    LogicalPath="Config1.PC.AccessAndSecurity.Firewall.Rules.firewallRules"
    Type="File"
    LastWriteTime="134081837758139932"
    Private="false" />
  <Object
    Path="C:\Projects\Samples\AS\CodeSamples\GetStructure\Physical\Config1\PC\mappControl\Package.pkg"
    LogicalPath="Config1.PC.mappControl"
    Type="Package"
    LastWriteTime="134081837758225470" />
  <Object
    Path="C:\Projects\Samples\AS\CodeSamples\GetStructure\Physical\Config1\PC\mappMotion\Package.pkg"
    LogicalPath="Config1.PC.mappMotion"
    Type="Package"
    LastWriteTime="134081837758225470" />
  <Object
    Path="C:\Projects\Samples\AS\CodeSamples\GetStructure\Physical\Config1\PC\mappServices\Package.pkg"
    LogicalPath="Config1.PC.mappServices"
    Type="Package"
    LastWriteTime="134081837758255758" />
  <Object
    Path="C:\Projects\Samples\AS\CodeSamples\GetStructure\Physical\Config1\PC\mappSafety\Package.pkg"
    LogicalPath="Config1.PC.mappSafety"
    Type="Package"
    LastWriteTime="134081837758235755" />
  <Object
    Path="C:\Projects\Samples\AS\CodeSamples\GetStructure\Physical\Config1\PC\mappSafety\SafeApplication\Package.pkg"
    LogicalPath="Config1.PC.mappSafety.SafeApplication"
    Type="Package"
    LastWriteTime="134081837758235755" />
  <Object
    Path="C:\Projects\Samples\AS\CodeSamples\GetStructure\Physical\Config1\PC\mappSafety\SafeCommissioning\Package.pkg"
    LogicalPath="Config1.PC.mappSafety.SafeCommissioning"
    Type="Package"
    LastWriteTime="134081837758245763" />
  <Object
    Path="C:\Projects\Samples\AS\CodeSamples\GetStructure\Physical\Config1\PC\mappView\Package.pkg"
    LogicalPath="Config1.PC.mappView"
    Type="Package"
    LastWriteTime="134081837758255758" />
  <Object
    Path="C:\Projects\Samples\AS\CodeSamples\GetStructure\Physical\Config1\PC\mappVision\Package.pkg"
    LogicalPath="Config1.PC.mappVision"
    Type="Package"
    LastWriteTime="134081837758265697" />
  <Object
    Path="C:\Projects\Samples\AS\CodeSamples\GetStructure\Physical\Config1\PC\mappCockpit\Package.pkg"
    LogicalPath="Config1.PC.mappCockpit"
    Type="Package"
    LastWriteTime="134081837758215134" />
  <Object
    Path="C:\Projects\Samples\AS\CodeSamples\GetStructure\Physical\Config1\Hardware.jpg"
    LogicalPath="Config1.Hardware.jpg"
    Type="File"
    LastWriteTime="134081837758070090"
    Private="false" />
</Objects>